// Jest Snapshot v1, https://goo.gl/fbAQLP

exports[`components/SlideTransition should render 1`] = `
<CSSTransition
  classNames="fade"
  enter={true}
  exit={false}
  timeout={300}
>
  <styled.div
    duration={300}
  >
    <div>
      Content
    </div>
  </styled.div>
</CSSTransition>
`;
