// Jest Snapshot v1, https://goo.gl/fbAQLP

exports[`InlineLabel should render 1`] = `
<Styled(Field)
  key="1"
>
  <Styled(Label)
    bold={true}
    htmlFor="1"
    inline={true}
  >
    Label
  </Styled(Label)>
  <input
    type="text"
  />
</Styled(Field)>
`;
