// Jest Snapshot v1, https://goo.gl/fbAQLP

exports[`components/Routing/Transition should render 1`] = `
<CSSTransition
  className="sc-bczRLJ jjPqLM"
  classNames="component"
  onExit={[Function]}
  timeout={200}
>
  <div>
    Content
  </div>
</CSSTransition>
`;
