// Jest Snapshot v1, https://goo.gl/fbAQLP

exports[`Loading should render  1`] = `
<styled.div
  data-test="loading"
  height="auto"
>
  <Delay
    delay={250}
  >
    <Styled(Component) />
    <styled.p>
      Loadingâ€¦
    </styled.p>
  </Delay>
</styled.div>
`;
