// Jest Snapshot v1, https://goo.gl/fbAQLP

exports[`MultiLineLabel should render 1`] = `
<Styled(Field)
  key="1"
>
  <Label
    bold={true}
    htmlFor="1"
    inline={true}
  >
    Label
  </Label>
  <styled.div>
    <input
      type="text"
    />
  </styled.div>
</Styled(Field)>
`;
