// Jest Snapshot v1, https://goo.gl/fbAQLP

exports[`Row should show the short title when it is provided 1`] = `
<row__ShortTitle>
  <Truncated>
    Test title
  </Truncated>
</row__ShortTitle>
`;
