// Jest Snapshot v1, https://goo.gl/fbAQLP

exports[`components/components-original/QuestionPageEditor/AnswerTransition should render 1`] = `
<Styled(CSSTransition)
  timeout={200}
>
  <div>
    <div>
      Content
    </div>
  </div>
</Styled(CSSTransition)>
`;
