// Jest Snapshot v1, https://goo.gl/fbAQLP

exports[`button group component snapshot Should not have changed inadvertently 1`] = `
<DocumentFragment>
  .c0 {
  display: -webkit-box;
  display: -webkit-flex;
  display: -ms-flexbox;
  display: flex;
  -webkit-flex-direction: column;
  -ms-flex-direction: column;
  flex-direction: column;
}

<div
    class="c0"
    data-test="button-group"
  />
</DocumentFragment>
`;
