// Jest Snapshot v1, https://goo.gl/fbAQLP

exports[`components/Forms/Form should render correctly 1`] = `
<styled.form
  autoComplete="off"
  method="POST"
  onSubmit={[MockFunction]}
>
  <input
    name="input"
    type="text"
  />
</styled.form>
`;
