// Jest Snapshot v1, https://goo.gl/fbAQLP

exports[`components/Modal should render its children 1`] = `
<Styled(ReactModalAdapter)
  alias="Subheading"
  closeTimeoutMS={300}
  description="Description"
  history={[MockFunction]}
  icon="move"
  isOpen={true}
  onRequestClose={[MockFunction]}
  shouldCloseOnOverlayClick={true}
  title="Modal title"
>
  <Styled(ScrollPane)>
    <Styled(CloseButton)
      onClick={[MockFunction]}
    >
      Ã—
    </Styled(CloseButton)>
    <p>
      Modal content
    </p>
  </Styled(ScrollPane)>
</Styled(ReactModalAdapter)>
`;
