// Jest Snapshot v1, https://goo.gl/fbAQLP

exports[`TableHead should render 1`] = `
<DocumentFragment>
  .c0 {
  padding: 0.75em 1em;
}

.c0:not(:last-of-type) {
  border-right: 1px solid #d6d8da;
}

<table>
    <tbody>
      <tr>
        <th
          class="c0"
        />
      </tr>
    </tbody>
  </table>
</DocumentFragment>
`;
