// Jest Snapshot v1, https://goo.gl/fbAQLP

exports[`withChangeUpdate should render 1`] = `
<div
  onChange={[MockFunction]}
  onChangeUpdate={[Function]}
  onUpdate={[MockFunction]}
/>
`;
