// Jest Snapshot v1, https://goo.gl/fbAQLP

exports[`SplitButton/MenuButton should render 1`] = `
<MenuButton__StyledButton
  type="button"
  variant="primary"
>
  <IconText
    hideText={true}
    icon={[Function]}
  >
    Show additional options
  </IconText>
</MenuButton__StyledButton>
`;
