// Jest Snapshot v1, https://goo.gl/fbAQLP

exports[`DialogMessage should render 1`] = `
<styled.div>
  <styled.h2>
    Dialog Title
  </styled.h2>
  <styled.h3>
    Dialog subheading
  </styled.h3>
  <styled.div>
    Dialog description
  </styled.div>
</styled.div>
`;
