// Jest Snapshot v1, https://goo.gl/fbAQLP

exports[`TextAnswer should render 1`] = `
<styled.div>
  <Label
    description="description"
  >
    label
  </Label>
  <Styled(styled.textarea)
    cols="60"
    rows="8"
  />
</styled.div>
`;
