// Jest Snapshot v1, https://goo.gl/fbAQLP

exports[`Property should render 1`] = `
<Styled(Field)>
  <Styled(Label)
    htmlFor="1"
    inline={true}
  >
    <div>
      This is the child component
    </div>
  </Styled(Label)>
  <styled.div>
    <ToggleSwitch
      checked={false}
      hideLabels={false}
      id="1"
      name="1"
      onChange={[MockFunction]}
    />
  </styled.div>
</Styled(Field)>
`;
