// Jest Snapshot v1, https://goo.gl/fbAQLP

exports[`LegalBasisField should render 1`] = `
<styled.div>
  <Styled(Label)>
    Legal basis
  </Styled(Label)>
  <p>
    The legal basis appears on the survey introduction page.
  </p>
  <LegalOption
    key="NOTICE_1"
    name="default"
    onChange={[Function]}
    selected={true}
    value="NOTICE_1"
  >
    <styled.span>
      Section 1 of the Statistics of Trade Act 1947.
    </styled.span>
  </LegalOption>
  <LegalOption
    key="NOTICE_2"
    name="default"
    onChange={[Function]}
    selected={false}
    value="NOTICE_2"
  >
    <styled.span>
      Sections 2 and 3 of the Statistics of Trade Act 1947.
    </styled.span>
  </LegalOption>
  <LegalOption
    key="NOTICE_3"
    name="default"
    onChange={[Function]}
    selected={false}
    value="NOTICE_3"
  >
    <styled.span>
      Sections 3 and 4 of the Statistics of Trade Act 1947.
    </styled.span>
  </LegalOption>
  <LegalOption
    key="NOTICE_NI"
    name="default"
    onChange={[Function]}
    selected={false}
    value="NOTICE_NI"
  >
    <styled.span>
      Article 5 of the Statistics of Trade and Employment (Northern Ireland) Order 1988.
    </styled.span>
  </LegalOption>
  <LegalOption
    key="NOTICE_FUELS"
    name="default"
    onChange={[Function]}
    selected={false}
    value="NOTICE_FUELS"
  >
    <styled.span>
      Petroleum Act 1998 and Section 1 of the Statistics of Trade Act 1947.
    </styled.span>
  </LegalOption>
  <LegalOption
    key="VOLUNTARY"
    name="default"
    onChange={[Function]}
    selected={false}
    value="VOLUNTARY"
  >
    <styled.span>
      Voluntary
    </styled.span>
  </LegalOption>
</styled.div>
`;
