// Jest Snapshot v1, https://goo.gl/fbAQLP

exports[`PipedValue decorator should render piped value entities 1`] = `
<StyledComponent
  forwardedComponent={
    Object {
      "$$typeof": Symbol(react.forward_ref),
      "attrs": Array [],
      "componentStyle": ComponentStyle {
        "componentId": "PipedValue__PipedValueDecorator-es54sy-0",
        "isStatic": false,
        "rules": Array [
          "background-color:#e0e0e0;padding:0 0.125em;border-radius:",
          "4px",
          ";white-space:pre;",
        ],
      },
      "displayName": "PipedValue__PipedValueDecorator",
      "foldedComponentIds": Array [],
      "render": [Function],
      "styledComponentId": "PipedValue__PipedValueDecorator-es54sy-0",
      "target": "span",
      "toString": [Function],
      "warnTooManyClasses": [Function],
      "withComponent": [Function],
    }
  }
  forwardedRef={null}
>
  Hello world
</StyledComponent>
`;

exports[`PipedValue entityToHTML should convert entity to HTML 1`] = `
<span
  data-id="123"
  data-piped="SomeType"
  data-type="TextField"
>
  hello world
</span>
`;
